// Jest Snapshot v1, https://goo.gl/fbAQLP

exports[`it renders correctly 1`] = `
<main
  data-testid="map-wrapper"
>
  <main
    id="map"
  >
    <nav>
      <img
        alt="Logotip was not loaded"
        data-testid="logo"
        src={
          Object {
            "process": [Function],
          }
        }
      />
      <div
        data-testid="nav-container"
      >
        <a
          href="/map"
          onClick={[Function]}
        >
          Карта
        </a>
        <a
          data-testid="profile-link"
          href="/profile"
          onClick={[Function]}
        >
          Профиль
        </a>
        <button
          className="loft__form-button-filled"
          id="logout"
          onClick={[Function]}
        >
          Выйти
        </button>
      </div>
    </nav>
  </main>
</main>
`;
